
COMMAND: ['/usr/bin/python3', PosixPath('/content/decision_calibration_source/scripts/verify_analysis.py'), '--out', PosixPath('/content/decision_calibration_verified_v2/existing_results'), '--seeds', 20, '--bootstrap', 1000]
d1-omni seed 1 / 20
d1-omni seed 2 / 20
d1-omni seed 3 / 20
d1-omni seed 4 / 20
d1-omni seed 5 / 20
d1-omni seed 6 / 20
d1-omni seed 7 / 20
d1-omni seed 8 / 20
d1-omni seed 9 / 20
d1-omni seed 10 / 20
d1-omni seed 11 / 20
d1-omni seed 12 / 20
d1-omni seed 13 / 20
d1-omni seed 14 / 20
d1-omni seed 15 / 20
d1-omni seed 16 / 20
d1-omni seed 17 / 20
d1-omni seed 18 / 20
d1-omni seed 19 / 20
d1-omni seed 20 / 20
d1-omni global in-domain bootstrap done
d1-omni global ood bootstrap done
d1-omni per_type in-domain bootstrap done
d1-omni per_type ood bootstrap done
d1-3b seed 1 / 20
d1-3b seed 2 / 20
d1-3b seed 3 / 20
d1-3b seed 4 / 20
d1-3b seed 5 / 20
d1-3b seed 6 / 20
d1-3b seed 7 / 20
d1-3b seed 8 / 20
d1-3b seed 9 / 20
d1-3b seed 10 / 20
d1-3b seed 11 / 20
d1-3b seed 12 / 20
d1-3b seed 13 / 20
d1-3b seed 14 / 20
d1-3b seed 15 / 20
d1-3b seed 16 / 20
d1-3b seed 17 / 20
d1-3b seed 18 / 20
d1-3b seed 19 / 20
d1-3b seed 20 / 20
d1-3b global in-domain bootstrap done
d1-3b global ood bootstrap done
d1-3b per_type in-domain bootstrap done
d1-3b per_type ood bootstrap done
opendecider-small seed 1 / 20
opendecider-small seed 2 / 20
opendecider-small seed 3 / 20
opendecider-small seed 4 / 20
opendecider-small seed 5 / 20
opendecider-small seed 6 / 20
opendecider-small seed 7 / 20
opendecider-small seed 8 / 20
opendecider-small seed 9 / 20
opendecider-small seed 10 / 20
opendecider-small seed 11 / 20
opendecider-small seed 12 / 20
opendecider-small seed 13 / 20
opendecider-small seed 14 / 20
opendecider-small seed 15 / 20
opendecider-small seed 16 / 20
opendecider-small seed 17 / 20
opendecider-small seed 18 / 20
opendecider-small seed 19 / 20
opendecider-small seed 20 / 20
opendecider-small global in-domain bootstrap done
opendecider-small global ood bootstrap done
opendecider-small per_type in-domain bootstrap done
opendecider-small per_type ood bootstrap done
jeff-2b seed 1 / 20
jeff-2b seed 2 / 20
jeff-2b seed 3 / 20
jeff-2b seed 4 / 20
jeff-2b seed 5 / 20
jeff-2b seed 6 / 20
jeff-2b seed 7 / 20
jeff-2b seed 8 / 20
jeff-2b seed 9 / 20
jeff-2b seed 10 / 20
jeff-2b seed 11 / 20
jeff-2b seed 12 / 20
jeff-2b seed 13 / 20
jeff-2b seed 14 / 20
jeff-2b seed 15 / 20
jeff-2b seed 16 / 20
jeff-2b seed 17 / 20
jeff-2b seed 18 / 20
jeff-2b seed 19 / 20
jeff-2b seed 20 / 20
jeff-2b global in-domain bootstrap done
jeff-2b global ood bootstrap done
jeff-2b per_type in-domain bootstrap done
jeff-2b per_type ood bootstrap done
jeff-0.8b seed 1 / 20
jeff-0.8b seed 2 / 20
jeff-0.8b seed 3 / 20
jeff-0.8b seed 4 / 20
jeff-0.8b seed 5 / 20
jeff-0.8b seed 6 / 20
jeff-0.8b seed 7 / 20
jeff-0.8b seed 8 / 20
jeff-0.8b seed 9 / 20
jeff-0.8b seed 10 / 20
jeff-0.8b seed 11 / 20
jeff-0.8b seed 12 / 20
jeff-0.8b seed 13 / 20
jeff-0.8b seed 14 / 20
jeff-0.8b seed 15 / 20
jeff-0.8b seed 16 / 20
jeff-0.8b seed 17 / 20
jeff-0.8b seed 18 / 20
jeff-0.8b seed 19 / 20
jeff-0.8b seed 20 / 20
jeff-0.8b global in-domain bootstrap done
jeff-0.8b global ood bootstrap done
jeff-0.8b per_type in-domain bootstrap done
jeff-0.8b per_type ood bootstrap done
Saved /content/decision_calibration_verified_v2/existing_results

EXIT CODE: 0
