
COMMAND: ['/usr/bin/python3', PosixPath('/content/decision_calibration_source/scripts/run_extension.py'), '--model', 'd1-3b', '--out', PosixPath('/content/decision_calibration_verified_v2/extension_output'), '--quota', 250, '--yelp-per-class', 200, '--include-typed', '--probe']
Warning: You are sending unauthenticated requests to the HF Hub. Please set a HF_TOKEN to enable higher rate limits and faster downloads.

Fetching 15 files:   0%|          | 0/15 [00:00<?, ?it/s]
Fetching 15 files:   7%|▋         | 1/15 [00:00<00:01,  8.09it/s]
Fetching 15 files:  60%|██████    | 9/15 [00:00<00:00, 37.48it/s]
Fetching 15 files:  93%|█████████▎| 14/15 [00:01<00:00, 10.42it/s]
Fetching 15 files:  93%|█████████▎| 14/15 [00:14<00:00, 10.42it/s]
Fetching 15 files: 100%|██████████| 15/15 [00:46<00:00,  5.25s/it]
Fetching 15 files: 100%|██████████| 15/15 [00:46<00:00,  3.10s/it]

Loading weights:   0%|          | 0/707 [00:00<?, ?it/s]
Loading weights:   0%|          | 1/707 [00:03<46:39,  3.97s/it]
Loading weights:   5%|▍         | 33/707 [00:04<01:04, 10.50it/s]
Loading weights:   6%|▌         | 39/707 [00:04<00:58, 11.46it/s]
Loading weights:   6%|▌         | 43/707 [00:05<01:06,  9.98it/s]
Loading weights:   7%|▋         | 47/707 [00:05<01:04, 10.23it/s]
Loading weights:   8%|▊         | 57/707 [00:05<00:40, 16.05it/s]
Loading weights:   9%|▉         | 62/707 [00:06<00:53, 12.12it/s]
Loading weights:  10%|▉         | 68/707 [00:06<00:48, 13.19it/s]
Loading weights:  10%|█         | 71/707 [00:07<00:51, 12.25it/s]
Loading weights:  11%|█         | 76/707 [00:07<00:48, 12.99it/s]
Loading weights:  11%|█         | 79/707 [00:07<00:52, 11.91it/s]
Loading weights:  12%|█▏        | 82/707 [00:08<00:55, 11.18it/s]
Loading weights:  13%|█▎        | 91/707 [00:08<00:31, 19.32it/s]
Loading weights:  13%|█▎        | 95/707 [00:08<00:39, 15.64it/s]
Loading weights:  14%|█▍        | 98/707 [00:09<00:45, 13.31it/s]
Loading weights:  15%|█▍        | 103/707 [00:09<00:47, 12.84it/s]
Loading weights:  15%|█▍        | 105/707 [00:09<01:00, 10.00it/s]
Loading weights:  16%|█▌        | 111/707 [00:10<00:50, 11.81it/s]
Loading weights:  16%|█▌        | 113/707 [00:10<01:02,  9.53it/s]
Loading weights:  17%|█▋        | 117/707 [00:11<01:01,  9.58it/s]
Loading weights:  17%|█▋        | 123/707 [00:11<00:40, 14.45it/s]
Loading weights:  18%|█▊        | 128/707 [00:11<00:35, 16.10it/s]
Loading weights:  19%|█▊        | 131/707 [00:11<00:44, 12.90it/s]
Loading weights:  19%|█▉        | 133/707 [00:12<00:48, 11.93it/s]
Loading weights:  20%|█▉        | 138/707 [00:12<00:42, 13.38it/s]
Loading weights:  20%|█▉        | 140/707 [00:12<00:52, 10.80it/s]
Loading weights:  21%|██        | 146/707 [00:13<00:41, 13.67it/s]
Loading weights:  21%|██        | 148/707 [00:13<00:50, 11.04it/s]
Loading weights:  21%|██▏       | 152/707 [00:13<00:49, 11.16it/s]
Loading weights:  23%|██▎       | 160/707 [00:13<00:29, 18.55it/s]
Loading weights:  23%|██▎       | 163/707 [00:14<00:30, 17.65it/s]
Loading weights:  23%|██▎       | 166/707 [00:14<00:37, 14.51it/s]
Loading weights:  24%|██▍       | 168/707 [00:14<00:42, 12.82it/s]
Loading weights:  24%|██▍       | 173/707 [00:14<00:40, 13.35it/s]
Loading weights:  25%|██▍       | 175/707 [00:15<00:49, 10.71it/s]
Loading weights:  26%|██▌       | 181/707 [00:15<00:38, 13.59it/s]
Loading weights:  26%|██▌       | 183/707 [00:15<00:47, 10.99it/s]
Loading weights:  26%|██▋       | 187/707 [00:16<00:46, 11.11it/s]
Loading weights:  28%|██▊       | 195/707 [00:16<00:27, 18.53it/s]
Loading weights:  28%|██▊       | 198/707 [00:16<00:27, 18.32it/s]
Loading weights:  28%|██▊       | 201/707 [00:16<00:34, 14.50it/s]
Loading weights:  29%|██▊       | 203/707 [00:17<00:39, 12.72it/s]
Loading weights:  29%|██▉       | 208/707 [00:17<00:37, 13.26it/s]
Loading weights:  30%|██▉       | 210/707 [00:17<00:46, 10.67it/s]
Loading weights:  30%|███       | 214/707 [00:18<00:45, 10.85it/s]
Loading weights:  32%|███▏      | 223/707 [00:18<00:24, 20.01it/s]
Loading weights:  32%|███▏      | 227/707 [00:18<00:30, 15.77it/s]
Loading weights:  33%|███▎      | 230/707 [00:19<00:35, 13.35it/s]
Loading weights:  33%|███▎      | 235/707 [00:19<00:34, 13.66it/s]
Loading weights:  34%|███▎      | 237/707 [00:19<00:42, 11.18it/s]
Loading weights:  34%|███▍      | 241/707 [00:20<00:41, 11.24it/s]
Loading weights:  35%|███▌      | 249/707 [00:20<00:24, 18.73it/s]
Loading weights:  36%|███▌      | 253/707 [00:20<00:23, 19.23it/s]
Loading weights:  36%|███▌      | 256/707 [00:21<00:36, 12.25it/s]
Loading weights:  37%|███▋      | 262/707 [00:21<00:32, 13.75it/s]
Loading weights:  37%|███▋      | 265/707 [00:21<00:36, 12.20it/s]
Loading weights:  42%|████▏     | 295/707 [00:21<00:10, 40.99it/s]
Loading weights:  44%|████▍     | 311/707 [00:22<00:07, 52.45it/s]
Loading weights:  46%|████▋     | 327/707 [00:22<00:05, 63.39it/s]
Loading weights:  49%|████▊     | 343/707 [00:22<00:05, 71.47it/s]
Loading weights:  51%|█████     | 359/707 [00:22<00:04, 80.29it/s]
Loading weights:  53%|█████▎    | 375/707 [00:22<00:03, 85.54it/s]
Loading weights:  54%|█████▍    | 385/707 [00:22<00:03, 87.81it/s]
Loading weights:  56%|█████▌    | 395/707 [00:23<00:04, 75.90it/s]
Loading weights:  58%|█████▊    | 407/707 [00:23<00:04, 73.91it/s]
Loading weights:  60%|█████▉    | 423/707 [00:23<00:03, 80.61it/s]
Loading weights:  62%|██████▏   | 439/707 [00:23<00:03, 87.10it/s]
Loading weights:  64%|██████▍   | 455/707 [00:23<00:02, 90.04it/s]
Loading weights:  67%|██████▋   | 471/707 [00:23<00:02, 93.86it/s]
Loading weights:  69%|██████▉   | 487/707 [00:23<00:02, 97.60it/s]
Loading weights:  71%|███████   | 503/707 [00:24<00:02, 99.18it/s]
Loading weights:  73%|███████▎  | 519/707 [00:24<00:01, 100.35it/s]
Loading weights:  76%|███████▌  | 535/707 [00:24<00:01, 104.00it/s]
Loading weights:  78%|███████▊  | 551/707 [00:24<00:01, 103.05it/s]
Loading weights:  80%|████████  | 567/707 [00:24<00:01, 103.74it/s]
Loading weights:  82%|████████▏ | 583/707 [00:24<00:01, 106.78it/s]
Loading weights:  85%|████████▍ | 599/707 [00:25<00:00, 110.78it/s]
Loading weights:  87%|████████▋ | 615/707 [00:25<00:00, 108.39it/s]
Loading weights:  89%|████████▉ | 631/707 [00:25<00:00, 115.44it/s]
Loading weights:  92%|█████████▏| 647/707 [00:25<00:00, 124.71it/s]
Loading weights:  94%|█████████▍| 663/707 [00:25<00:00, 129.36it/s]
Loading weights:  96%|█████████▌| 679/707 [00:25<00:00, 135.99it/s]
Loading weights:  98%|█████████▊| 695/707 [00:25<00:00, 136.00it/s]
Loading weights: 100%|██████████| 707/707 [00:25<00:00, 27.44it/s] 
d1-3b 1 / 8 rows 5 seconds 5
{
  "model": "d1-3b",
  "actual_rows": 24,
  "expected_rows": 24,
  "complete": true
}

EXIT CODE: 0
